<testsuite errors="0" failures="0" name="Django Project Tests" skips="0" tests="7" time="5.001"><testcase classname="organisations.tests.OrganisationGraphTests" name="test_adding_organisation" time="0.025816" /><testcase classname="organisations.tests.OrganisationGraphTests" name="test_delete_organisation" time="0.058705" /><testcase classname="organisations.tests.OrganisationGraphTests" name="test_get_organisation" time="0.062745" /><testcase classname="organisations.tests.OrganisationGraphTests" name="test_organisations_with_no_records" time="0.020894" /><testcase classname="organisations.tests.OrganisationGraphTests" name="test_organisations_with_one_record" time="0.053648" /><testcase classname="organisations.tests.OrganisationGraphTests" name="test_updating_organisation" time="0.165351" /><testcase classname="organisations.tests.OrganisationSeederTest" name="test_seeder" time="0.196533" /></testsuite>